Microsoft Windows [Version 10.0.17134.885]
(c) 2018 Microsoft Corporation. All rights reserved.

C:\Users\Anand>ssh -p 2220 bandit0@bandit.labs.overthewire.org
This is a OverTheWire game server. More information on http://www.overthewire.org/wargames

bandit0@bandit.labs.overthewire.org's password:                         // THE PASSWORD IS bandit0

C:\Users\Anand>ssh -p 2220 bandit0@bandit.labs.overthewire.org
This is a OverTheWire game server. More information on http://www.overthewire.org/wargames

bandit0@bandit.labs.overthewire.org's password:
Linux bandit 4.18.12 x86_64 GNU/Linux

      ,----..            ,----,          .---.
     /   /   \         ,/   .`|         /. ./|
    /   .     :      ,`   .'  :     .--'.  ' ;
   .   /   ;.  \   ;    ;     /    /__./ \ : |
  .   ;   /  ` ; .'___,/    ,' .--'.  '   \' .
  ;   |  ; \ ; | |    :     | /___/ \ |    ' '
  |   :  | ; | ' ;    |.';  ; ;   \  \;      :
  .   |  ' ' ' : `----'  |  |  \   ;  `      |
  '   ;  \; /  |     '   :  ;   .   \    .\  ;
   \   \  ',  /      |   |  '    \   \   ' \ |
    ;   :    /       '   :  |     :   '  |--"
     \   \ .'        ;   |.'       \   \ ;
  www. `---` ver     '---' he       '---" ire.org


Welcome to OverTheWire!



bandit0@bandit:~$ cat readme
boJ9jbbUNNfktd78OOpsqOltutMc3MY1       //PASSWORD FOR LEVEL 1
bandit0@bandit:~$


bandit2@bandit:~$ ls
spaces in this filename
bandit2@bandit:~$ cat spaces\ in\ this\ filename
UmHadQclWmgdLOKQ3YNgjWxGoRMb5luK

bandit3@bandit:~$ ls
inhere
bandit3@bandit:~$ cd inhere/
bandit3@bandit:~/inhere$ ls
bandit3@bandit:~/inhere$ ls -a
.  ..  .hidden
bandit3@bandit:~/inhere$ ls -la
total 12
drwxr-xr-x 2 root    root    4096 Oct 16  2018 .
drwxr-xr-x 3 root    root    4096 Oct 16  2018 ..
-rw-r----- 1 bandit4 bandit3   33 Oct 16  2018 .hidden
bandit3@bandit:~/inhere$ cat .hidden
pIwrPrtPN36QITSp3EQaw936yaFoFgAB

bandit4@bandit:~$ ls
inhere
bandit4@bandit:~$ cd inhere
bandit4@bandit:~/inhere$ ls -a
.   -file00  -file02  -file04  -file06  -file08
..  -file01  -file03  -file05  -file07  -file09
bandit4@bandit:~/inhere$ cat file01
cat: file01: No such file or directory
bandit4@bandit:~/inhere$ cat file07
cat: file07: No such file or directory
bandit4@bandit:~/inhere$ cat -file2
cat: invalid option -- 'f'
Try 'cat --help' for more information.
bandit4@bandit:~/inhere$ cat -file02
cat: invalid option -- 'f'
Try 'cat --help' for more information.
bandit4@bandit:~/inhere$ cat -file07
cat: invalid option -- 'f'
Try 'cat --help' for more information.
bandit4@bandit:~/inhere$ cat ./-file03
��.A��u��#���w$N?c�-��Db3��=��bandit4@bandit:~/inhere$ cat ./-file02
�T�v��(�ִ�����A*�
2J�Ş؇_�y7bandit4@bandit:~/inhere$ cat ./-file07
koReBOKuIDDepwhWk7jZC0RTdopnAYKh

bandit5@bandit:~$ ls
inhere
bandit5@bandit:~$ cd inhere
bandit5@bandit:~/inhere$ find . -type f -readable ! -executable - size 1033c
bandit5@bandit:~/inhere$ ./maybehere07/.file2
bandit5@bandit:~/inhere$ cat ./maybehere07/.file2
DXjZPULLxYr17uwoI01bNLQbtFemEgo7


bandit6@bandit:~$ find / -user bandit7 -group bandit6 -size 33c 2>/dev/null
/var/lib/dpkg/info/bandit7.password
bandit6@bandit:~$ cat /var/lib/dpkg/info/bandit7.password
HKBPTKQnIay4Fw76bEy8PVxKEDQRKTzs

bandit7@bandit:~$ ls
data.txt
bandit7@bandit:~$ cat data.txt |grep "millionth"
millionth	cvX2JJa4CFALtqS87jk27qwqGhBM9plV


bandit8@bandit:~$ ls
data.txt
bandit8@bandit:~$ cat data.txt|sort|uniq -u
UsvVyFSfZZWbi6wgC7dAFyFuR6jQQUhR

bandit9@bandit:~$ ls
data.txt
bandit9@bandit:~$ strings data.txt | grep "="
2========== the
========== password
>t=	yP
rV~dHm=
========== isa
=FQ?P\U
=	F[
pb=x
J;m=
=)$=
========== truKLdjsbJ5g7yyJ2X2R0o3a5HQJFuLk
iv8!=

bandit10@bandit:~$ ls
data.txt
bandit10@bandit:~$ cat data.txt |base64 --decode
The password is IFukwKGsFW8MOq3IRFqrxE1hxTNEbUPR


